let mirage_runtime_network_v4_gateway_none =
  Functoria_runtime.key (Mirage_runtime_network.V4.gateway None)

let mirage_runtime_network_v4_network_ipaddr_v4_prefix_of_string_exn_10_0_0_224 =
  Functoria_runtime.key
  (Mirage_runtime_network.V4.network (Ipaddr.V4.Prefix.of_string_exn "10.0.0.2/24"))

let mirage_runtime_network_v6_accept_router_advertisements_ =
  Functoria_runtime.key
  (Mirage_runtime_network.V6.accept_router_advertisements ())

let mirage_runtime_network_v6_gateway_none =
  Functoria_runtime.key (Mirage_runtime_network.V6.gateway None)

let mirage_runtime_network_v6_network_none =
  Functoria_runtime.key (Mirage_runtime_network.V6.network None)

let mirage_runtime_network_interface_tap0 =
  Functoria_runtime.key (Mirage_runtime_network.interface "tap0")

let mirage_runtime_network_ipv4_only_ =
  Functoria_runtime.key (Mirage_runtime_network.ipv4_only ())

let mirage_runtime_network_ipv6_only_ =
  Functoria_runtime.key (Mirage_runtime_network.ipv6_only ())

let key_flag = Functoria_runtime.key Key.flag

let key_opt = Functoria_runtime.key Key.opt

let key_opt_all = Functoria_runtime.key Key.opt_all

let key_required = Functoria_runtime.key Key.required

