* Is_file? config.ml -> true
* Is_file? dune -> true
* Run_cmd 'dune exec --root . -- ./config.exe query name' (ok: out="[...]" err="")
* Run_cmd 'dune exec --root . -- ./config.exe query opam' (ok: out="[...]" err="")
* Is_file? [...].opam -> false
* Write to [...].opam (35 bytes)
* Is_file? Makefile -> false
* Write to Makefile (369 bytes)
* Run_cmd 'dune exec --root . -- ./config.exe query dune-build' (ok: out="[...]" err="")
* Is_file? dune -> true
* Read dune (221 bytes)
* Run_cmd 'dune build @test-build ./' (ok: out="[...]" err="")
