* Is_file? config.ml -> true
* Is_file? dune-project -> false
* Write to dune-project (107 bytes)
* Write to dune (143 bytes)
* Is_file? .test.config -> false
* Write to .test.config (25 bytes)
* Run_cmd 'dune build ./config.exe' (ok: out="[...]" err="")
* Run_cmd 'dune exec --root . -- ./config.exe query name' (ok: out="[...]" err="")
* Run_cmd 'dune exec --root . -- ./config.exe query opam' (ok: out="[...]" err="")
* Is_file? [...].opam -> false
* Write to [...].opam (35 bytes)
* Is_file? Makefile -> false
* Write to Makefile (380 bytes)
* Run_cmd 'dune exec --root . -- ./config.exe query dune-configure' (ok: out="[...]" err="")
* Is_file? dune -> true
* Read dune (143 bytes)
* Write to dune (36 bytes)
* Run_cmd 'dune build @test-configure ./' (ok: out="[...]" err="")
